// Jest Snapshot v1, https://goo.gl/fbAQLP

exports[`should render all Paths (2, 3) with true condition in Branch 1`] = `
Array [
  "2",
  "3",
]
`;

exports[`should render first Path (2) with function condition returning true in Branch 1`] = `"2"`;

exports[`should render first Path (2) with true condition in Branch 1`] = `"2"`;

exports[`should render no Paths because none match 1`] = `null`;

exports[`should render no Paths because none match when taking every path 1`] = `null`;

exports[`should render nothing when children are undefined 1`] = `null`;

exports[`should render nothing when children are undefined and taking every path 1`] = `null`;

exports[`should render path with no condition because all other Path conditions are false 1`] = `"3"`;
